Mon Mar 23 06:50:19 PM IST 2026
machine connected to internet
RAM usage :
Mem:           2.8Gi       1.7Gi       116Mi       145Mi       1.3Gi       1.1Gi
SWAP usage :
Swap:          4.0Gi       385Mi       3.6Gi
Disk usage :
Filesystem      Size  Used Avail Use% Mounted on
tmpfs           291M  1.5M  290M   1% /run
/dev/sda2        48G   24G   23G  52% /
tmpfs           1.5G   73M  1.4G   5% /dev/shm
tmpfs           5.0M     0  5.0M   0% /run/lock
efivarfs        128M   32K  128M   1% /sys/firmware/efi/efivars
/dev/sda1       1.1G  6.2M  1.1G   1% /boot/efi
tmpfs           291M  128K  291M   1% /run/user/1000
Mon Mar 23 06:50:46 PM IST 2026
machine connected to internet
RAM usage :
Mem:           2.8Gi       1.7Gi       107Mi       150Mi       1.3Gi       1.1Gi
SWAP usage :
Swap:          4.0Gi       384Mi       3.6Gi
Disk usage :
Filesystem      Size  Used Avail Use% Mounted on
tmpfs           291M  1.5M  290M   1% /run
/dev/sda2        48G   24G   23G  52% /
tmpfs           1.5G   78M  1.4G   6% /dev/shm
tmpfs           5.0M     0  5.0M   0% /run/lock
efivarfs        128M   32K  128M   1% /sys/firmware/efi/efivars
/dev/sda1       1.1G  6.2M  1.1G   1% /boot/efi
tmpfs           291M  128K  291M   1% /run/user/1000
Mon Mar 23 07:30:16 PM IST 2026
machine connected to internet
RAM usage :
Mem:           2.8Gi       1.7Gi       135Mi       157Mi       1.3Gi       1.1Gi
SWAP usage :
Swap:          4.0Gi       383Mi       3.6Gi
Disk usage :
Filesystem      Size  Used Avail Use% Mounted on
tmpfs           291M  1.5M  290M   1% /run
/dev/sda2        48G   24G   23G  52% /
tmpfs           1.5G   85M  1.4G   6% /dev/shm
tmpfs           5.0M     0  5.0M   0% /run/lock
efivarfs        128M   32K  128M   1% /sys/firmware/efi/efivars
/dev/sda1       1.1G  6.2M  1.1G   1% /boot/efi
tmpfs           291M  128K  291M   1% /run/user/1000
Mon Mar 23 07:31:10 PM IST 2026
machine connected to internet
------------------------------
RAM usage :
Mem:           2.8Gi       1.7Gi       147Mi       148Mi       1.3Gi       1.1Gi
------------------------------
SWAP usage :
Swap:          4.0Gi       383Mi       3.6Gi
------------------------------
Disk usage :
Filesystem      Size  Used Avail Use% Mounted on
tmpfs           291M  1.5M  290M   1% /run
/dev/sda2        48G   24G   23G  52% /
tmpfs           1.5G   76M  1.4G   6% /dev/shm
tmpfs           5.0M     0  5.0M   0% /run/lock
efivarfs        128M   32K  128M   1% /sys/firmware/efi/efivars
/dev/sda1       1.1G  6.2M  1.1G   1% /boot/efi
tmpfs           291M  128K  291M   1% /run/user/1000
------------------------------
--------------END OF LOG--------------
Mon Mar 23 07:31:29 PM IST 2026
machine connected to internet
------------------------------
RAM usage :
Mem:           2.8Gi       1.8Gi       127Mi       151Mi       1.3Gi       1.1Gi
------------------------------
SWAP usage :
Swap:          4.0Gi       383Mi       3.6Gi
------------------------------
Disk usage :
Filesystem      Size  Used Avail Use% Mounted on
tmpfs           291M  1.5M  290M   1% /run
/dev/sda2        48G   24G   23G  52% /
tmpfs           1.5G   79M  1.4G   6% /dev/shm
tmpfs           5.0M     0  5.0M   0% /run/lock
efivarfs        128M   32K  128M   1% /sys/firmware/efi/efivars
/dev/sda1       1.1G  6.2M  1.1G   1% /boot/efi
tmpfs           291M  128K  291M   1% /run/user/1000
------------------------------
--------------END OF LOG--------------
Mon Mar 23 07:31:46 PM IST 2026
machine connected to internet
------------------------------
RAM usage :
Mem:           2.8Gi       1.8Gi       132Mi       149Mi       1.3Gi       1.1Gi
------------------------------
SWAP usage :
Swap:          4.0Gi       383Mi       3.6Gi
------------------------------
Disk usage :
Filesystem      Size  Used Avail Use% Mounted on
tmpfs           291M  1.5M  290M   1% /run
/dev/sda2        48G   24G   23G  52% /
tmpfs           1.5G   76M  1.4G   6% /dev/shm
tmpfs           5.0M     0  5.0M   0% /run/lock
efivarfs        128M   32K  128M   1% /sys/firmware/efi/efivars
/dev/sda1       1.1G  6.2M  1.1G   1% /boot/efi
tmpfs           291M  128K  291M   1% /run/user/1000
------------------------------
--------------END OF LOG--------------
